This is pdfTeX, Version 3.141592653-2.6-1.40.22 (TeX Live 2022/dev/Debian) (preloaded format=pdflatex 2026.3.18)  23 SEP 2026 20:12
entering extended mode
 restricted \write18 enabled.
 file:line:error style messages enabled.
 %&-line parsing enabled.
**/home/noodle/git/capstone/ELEC49X_proposal/main.tex
(/home/noodle/git/capstone/ELEC49X_proposal/main.tex
LaTeX2e <2021-11-15> patch level 1
L3 programming layer <2022-01-21> (/usr/share/texlive/texmf-dist/tex/latex/base/article.cls
Document Class: article 2021/10/04 v1.4n Standard LaTeX document class
(/usr/share/texlive/texmf-dist/tex/latex/base/size12.clo
File: size12.clo 2021/10/04 v1.4n Standard LaTeX file (size option)
)
\c@part=\count185
\c@section=\count186
\c@subsection=\count187
\c@subsubsection=\count188
\c@paragraph=\count189
\c@subparagraph=\count190
\c@figure=\count191
\c@table=\count192
\abovecaptionskip=\skip47
\belowcaptionskip=\skip48
\bibindent=\dimen138
) (./preamble.tex (/usr/share/texlive/texmf-dist/tex/latex/geometry/geometry.sty
Package: geometry 2020/01/02 v5.9 Page Geometry
 (/usr/share/texlive/texmf-dist/tex/latex/graphics/keyval.sty
Package: keyval 2014/10/28 v1.15 key=value parser (DPC)
\KV@toks@=\toks16
) (/usr/share/texlive/texmf-dist/tex/generic/iftex/ifvtex.sty
Package: ifvtex 2019/10/25 v1.7 ifvtex legacy package. Use iftex instead.
 (/usr/share/texlive/texmf-dist/tex/generic/iftex/iftex.sty
Package: iftex 2020/03/06 v1.0d TeX engine tests
))
\Gm@cnth=\count193
\Gm@cntv=\count194
\c@Gm@tempcnt=\count195
\Gm@bindingoffset=\dimen139
\Gm@wd@mp=\dimen140
\Gm@odd@mp=\dimen141
\Gm@even@mp=\dimen142
\Gm@layoutwidth=\dimen143
\Gm@layoutheight=\dimen144
\Gm@layouthoffset=\dimen145
\Gm@layoutvoffset=\dimen146
\Gm@dimlist=\toks17
) (/usr/share/texlive/texmf-dist/tex/latex/base/fontenc.sty
Package: fontenc 2021/04/29 v2.0v Standard LaTeX package
) (/usr/share/texlive/texmf-dist/tex/latex/base/inputenc.sty
Package: inputenc 2021/02/14 v1.3d Input encoding file
\inpenc@prehook=\toks18
\inpenc@posthook=\toks19
) (/usr/share/texlive/texmf-dist/tex/latex/psnfss/helvet.sty
Package: helvet 2020/03/25 PSNFSS-v9.3 (WaS) 
) (/usr/share/texlive/texmf-dist/tex/latex/xcolor/xcolor.sty
Package: xcolor 2021/10/31 v2.13 LaTeX color extensions (UK)
 (/usr/share/texlive/texmf-dist/tex/latex/graphics-cfg/color.cfg
File: color.cfg 2016/01/02 v1.6 sample color configuration
)
Package xcolor Info: Driver file: pdftex.def on input line 227.
 (/usr/share/texlive/texmf-dist/tex/latex/graphics-def/pdftex.def
File: pdftex.def 2020/10/05 v1.2a Graphics/color driver for pdftex
) (/usr/share/texlive/texmf-dist/tex/latex/colortbl/colortbl.sty
Package: colortbl 2020/01/04 v1.0e Color table columns (DPC)
 (/usr/share/texlive/texmf-dist/tex/latex/tools/array.sty
Package: array 2021/10/04 v2.5f Tabular extension package (FMi)
\col@sep=\dimen147
\ar@mcellbox=\box50
\extrarowheight=\dimen148
\NC@list=\toks20
\extratabsurround=\skip49
\backup@length=\skip50
\ar@cellbox=\box51
)
\everycr=\toks21
\minrowclearance=\skip51
)
\rownum=\count196
Package xcolor Info: Model `cmy' substituted by `cmy0' on input line 1352.
Package xcolor Info: Model `hsb' substituted by `rgb' on input line 1356.
Package xcolor Info: Model `RGB' extended on input line 1368.
Package xcolor Info: Model `HTML' substituted by `rgb' on input line 1370.
Package xcolor Info: Model `Hsb' substituted by `hsb' on input line 1371.
Package xcolor Info: Model `tHsb' substituted by `hsb' on input line 1372.
Package xcolor Info: Model `HSB' substituted by `hsb' on input line 1373.
Package xcolor Info: Model `Gray' substituted by `gray' on input line 1374.
Package xcolor Info: Model `wave' substituted by `hsb' on input line 1375.
) (/usr/share/texlive/texmf-dist/tex/latex/booktabs/booktabs.sty
Package: booktabs 2020/01/12 v1.61803398 Publication quality tables
\heavyrulewidth=\dimen149
\lightrulewidth=\dimen150
\cmidrulewidth=\dimen151
\belowrulesep=\dimen152
\belowbottomsep=\dimen153
\aboverulesep=\dimen154
\abovetopsep=\dimen155
\cmidrulesep=\dimen156
\cmidrulekern=\dimen157
\defaultaddspace=\dimen158
\@cmidla=\count197
\@cmidlb=\count198
\@aboverulesep=\dimen159
\@belowrulesep=\dimen160
\@thisruleclass=\count199
\@lastruleclass=\count266
\@thisrulewidth=\dimen161
) (/usr/share/texlive/texmf-dist/tex/latex/tools/longtable.sty
Package: longtable 2021-09-01 v4.17 Multi-page Table package (DPC)
\LTleft=\skip52
\LTright=\skip53
\LTpre=\skip54
\LTpost=\skip55
\LTchunksize=\count267
\LTcapwidth=\dimen162
\LT@head=\box52
\LT@firsthead=\box53
\LT@foot=\box54
\LT@lastfoot=\box55
\LT@gbox=\box56
\LT@cols=\count268
\LT@rows=\count269
\c@LT@tables=\count270
\c@LT@chunks=\count271
\LT@p@ftn=\toks22
) (/usr/share/texlive/texmf-dist/tex/latex/tools/tabularx.sty
Package: tabularx 2020/01/15 v2.11c `tabularx' package (DPC)
\TX@col@width=\dimen163
\TX@old@table=\dimen164
\TX@old@col=\dimen165
\TX@target=\dimen166
\TX@delta=\dimen167
\TX@cols=\count272
\TX@ftn=\toks23
) (/usr/share/texlive/texmf-dist/tex/latex/ragged2e/ragged2e.sty
Package: ragged2e 2021/12/15 v3.1 ragged2e Package
\CenteringLeftskip=\skip56
\RaggedLeftLeftskip=\skip57
\RaggedRightLeftskip=\skip58
\CenteringRightskip=\skip59
\RaggedLeftRightskip=\skip60
\RaggedRightRightskip=\skip61
\CenteringParfillskip=\skip62
\RaggedLeftParfillskip=\skip63
\RaggedRightParfillskip=\skip64
\JustifyingParfillskip=\skip65
\CenteringParindent=\skip66
\RaggedLeftParindent=\skip67
\RaggedRightParindent=\skip68
\JustifyingParindent=\skip69
) (/usr/share/texlive/texmf-dist/tex/latex/enumitem/enumitem.sty
Package: enumitem 2019/06/20 v3.9 Customized lists
\labelindent=\skip70
\enit@outerparindent=\dimen168
\enit@toks=\toks24
\enit@inbox=\box57
\enit@count@id=\count273
\enitdp@description=\count274
) (/usr/share/texlive/texmf-dist/tex/latex/fancyhdr/fancyhdr.sty
Package: fancyhdr 2021/01/28 v4.0.1 Extensive control of page headers and footers
\f@nch@headwidth=\skip71
\f@nch@O@elh=\skip72
\f@nch@O@erh=\skip73
\f@nch@O@olh=\skip74
\f@nch@O@orh=\skip75
\f@nch@O@elf=\skip76
\f@nch@O@erf=\skip77
\f@nch@O@olf=\skip78
\f@nch@O@orf=\skip79
) (/usr/share/texlive/texmf-dist/tex/latex/lastpage/lastpage.sty
Package: lastpage 2021/09/03 v1.2n Refers to last page's name (HMM; JPG)
) (/usr/share/texlive/texmf-dist/tex/latex/titlesec/titlesec.sty
Package: titlesec 2021/07/05 v2.14 Sectioning titles
\ttl@box=\box58
\beforetitleunit=\skip80
\aftertitleunit=\skip81
\ttl@plus=\dimen169
\ttl@minus=\dimen170
\ttl@toksa=\toks25
\titlewidth=\dimen171
\titlewidthlast=\dimen172
\titlewidthfirst=\dimen173
) (/usr/share/texlive/texmf-dist/tex/latex/setspace/setspace.sty
Package: setspace 2011/12/19 v6.7a set line spacing
) (/usr/share/texlive/texmf-dist/tex/latex/acronym/acronym.sty
Package: acronym 2020/04/17 v1.47 Support for acronyms (Tobias Oetiker)
 (/usr/share/texlive/texmf-dist/tex/latex/bigfoot/suffix.sty
Package: suffix 2006/07/15 1.5a Variant command support
) (/usr/share/texlive/texmf-dist/tex/generic/xstring/xstring.sty (/usr/share/texlive/texmf-dist/tex/generic/xstring/xstring.tex
\integerpart=\count275
\decimalpart=\count276
)
Package: xstring 2021/07/21 v1.84 String manipulations (CT)
)
\AC@clearlist=\toks26
) (/usr/share/texlive/texmf-dist/tex/latex/graphics/graphicx.sty
Package: graphicx 2021/09/16 v1.2d Enhanced LaTeX Graphics (DPC,SPQR)
 (/usr/share/texlive/texmf-dist/tex/latex/graphics/graphics.sty
Package: graphics 2021/03/04 v1.4d Standard LaTeX Graphics (DPC,SPQR)
 (/usr/share/texlive/texmf-dist/tex/latex/graphics/trig.sty
Package: trig 2021/08/11 v1.11 sin cos tan (DPC)
) (/usr/share/texlive/texmf-dist/tex/latex/graphics-cfg/graphics.cfg
File: graphics.cfg 2016/06/04 v1.11 sample graphics configuration
)
Package graphics Info: Driver file: pdftex.def on input line 107.
)
\Gin@req@height=\dimen174
\Gin@req@width=\dimen175
) (/usr/share/texlive/texmf-dist/tex/latex/caption/caption.sty
Package: caption 2020/10/26 v3.5g Customizing captions (AR)
 (/usr/share/texlive/texmf-dist/tex/latex/caption/caption3.sty
Package: caption3 2020/10/21 v2.2e caption3 kernel (AR)
\captionmargin=\dimen176
\captionmargin@=\dimen177
\captionwidth=\dimen178
\caption@tempdima=\dimen179
\caption@indent=\dimen180
\caption@parindent=\dimen181
\caption@hangindent=\dimen182
Package caption Info: Standard document class detected.
)
\c@caption@flags=\count277
\c@continuedfloat=\count278
Package caption Info: longtable package is loaded.
 (/usr/share/texlive/texmf-dist/tex/latex/caption/ltcaption.sty
Package: ltcaption 2020/05/30 v1.4b longtable captions (AR)
)) (/usr/share/texlive/texmf-dist/tex/latex/needspace/needspace.sty
Package: needspace 2010/09/12 v1.3d reserve vertical space
) (/usr/share/texlive/texmf-dist/tex/latex/amsmath/amsmath.sty
Package: amsmath 2021/10/15 v2.17l AMS math features
\@mathmargin=\skip82

For additional information on amsmath, use the `?' option.
(/usr/share/texlive/texmf-dist/tex/latex/amsmath/amstext.sty
Package: amstext 2021/08/26 v2.01 AMS text
 (/usr/share/texlive/texmf-dist/tex/latex/amsmath/amsgen.sty
File: amsgen.sty 1999/11/30 v2.0 generic functions
\@emptytoks=\toks27
\ex@=\dimen183
)) (/usr/share/texlive/texmf-dist/tex/latex/amsmath/amsbsy.sty
Package: amsbsy 1999/11/29 v1.2d Bold Symbols
\pmbraise@=\dimen184
) (/usr/share/texlive/texmf-dist/tex/latex/amsmath/amsopn.sty
Package: amsopn 2021/08/26 v2.02 operator names
)
\inf@bad=\count279
LaTeX Info: Redefining \frac on input line 234.
\uproot@=\count280
\leftroot@=\count281
LaTeX Info: Redefining \overline on input line 399.
\classnum@=\count282
\DOTSCASE@=\count283
LaTeX Info: Redefining \ldots on input line 496.
LaTeX Info: Redefining \dots on input line 499.
LaTeX Info: Redefining \cdots on input line 620.
\Mathstrutbox@=\box59
\strutbox@=\box60
\big@size=\dimen185
LaTeX Font Info:    Redeclaring font encoding OML on input line 743.
LaTeX Font Info:    Redeclaring font encoding OMS on input line 744.
\macc@depth=\count284
\c@MaxMatrixCols=\count285
\dotsspace@=\muskip16
\c@parentequation=\count286
\dspbrk@lvl=\count287
\tag@help=\toks28
\row@=\count288
\column@=\count289
\maxfields@=\count290
\andhelp@=\toks29
\eqnshift@=\dimen186
\alignsep@=\dimen187
\tagshift@=\dimen188
\tagwidth@=\dimen189
\totwidth@=\dimen190
\lineht@=\dimen191
\@envbody=\toks30
\multlinegap=\skip83
\multlinetaggap=\skip84
\mathdisplay@stack=\toks31
LaTeX Info: Redefining \[ on input line 2938.
LaTeX Info: Redefining \] on input line 2939.
) (/usr/share/texlive/texmf-dist/tex/latex/amsfonts/amssymb.sty
Package: amssymb 2013/01/14 v3.01 AMS font symbols
 (/usr/share/texlive/texmf-dist/tex/latex/amsfonts/amsfonts.sty
Package: amsfonts 2013/01/14 v3.01 Basic AMSFonts support
\symAMSa=\mathgroup4
\symAMSb=\mathgroup5
LaTeX Font Info:    Redeclaring math symbol \hbar on input line 98.
LaTeX Font Info:    Overwriting math alphabet `\mathfrak' in version `bold'
(Font)                  U/euf/m/n --> U/euf/b/n on input line 106.
)) (/usr/share/texlive/texmf-dist/tex/latex/etoolbox/etoolbox.sty
Package: etoolbox 2020/10/05 v2.5k e-TeX tools for LaTeX (JAW)
\etb@tempcnta=\count291
) (/usr/share/texlive/texmf-dist/tex/latex/biblatex/biblatex.sty
Package: biblatex 2022/02/02 v3.17 programmable bibliographies (PK/MW)
 (/usr/share/texlive/texmf-dist/tex/generic/pdftexcmds/pdftexcmds.sty
Package: pdftexcmds 2020-06-27 v0.33 Utility functions of pdfTeX for LuaTeX (HO)
 (/usr/share/texlive/texmf-dist/tex/generic/infwarerr/infwarerr.sty
Package: infwarerr 2019/12/03 v1.5 Providing info/warning/error messages (HO)
) (/usr/share/texlive/texmf-dist/tex/generic/ltxcmds/ltxcmds.sty
Package: ltxcmds 2020-05-10 v1.25 LaTeX kernel commands for general use (HO)
)
Package pdftexcmds Info: \pdf@primitive is available.
Package pdftexcmds Info: \pdf@ifprimitive is available.
Package pdftexcmds Info: \pdfdraftmode found.
) (/usr/share/texlive/texmf-dist/tex/latex/kvoptions/kvoptions.sty
Package: kvoptions 2020-10-07 v3.14 Key value format for package options (HO)
 (/usr/share/texlive/texmf-dist/tex/generic/kvsetkeys/kvsetkeys.sty
Package: kvsetkeys 2019/12/15 v1.18 Key value parser (HO)
)) (/usr/share/texlive/texmf-dist/tex/latex/logreq/logreq.sty
Package: logreq 2010/08/04 v1.0 xml request logger
\lrq@indent=\count292
 (/usr/share/texlive/texmf-dist/tex/latex/logreq/logreq.def
File: logreq.def 2010/08/04 v1.0 logreq spec v1.0
)) (/usr/share/texlive/texmf-dist/tex/latex/base/ifthen.sty
Package: ifthen 2020/11/24 v1.1c Standard LaTeX ifthen package (DPC)
) (/usr/share/texlive/texmf-dist/tex/latex/url/url.sty
\Urlmuskip=\muskip17
Package: url 2013/09/16  ver 3.4  Verb mode for urls, etc.
)
\c@tabx@nest=\count293
\c@listtotal=\count294
\c@listcount=\count295
\c@liststart=\count296
\c@liststop=\count297
\c@citecount=\count298
\c@citetotal=\count299
\c@multicitecount=\count300
\c@multicitetotal=\count301
\c@instcount=\count302
\c@maxnames=\count303
\c@minnames=\count304
\c@maxitems=\count305
\c@minitems=\count306
\c@citecounter=\count307
\c@maxcitecounter=\count308
\c@savedcitecounter=\count309
\c@uniquelist=\count310
\c@uniquename=\count311
\c@refsection=\count312
\c@refsegment=\count313
\c@maxextratitle=\count314
\c@maxextratitleyear=\count315
\c@maxextraname=\count316
\c@maxextradate=\count317
\c@maxextraalpha=\count318
\c@abbrvpenalty=\count319
\c@highnamepenalty=\count320
\c@lownamepenalty=\count321
\c@maxparens=\count322
\c@parenlevel=\count323
\blx@tempcnta=\count324
\blx@tempcntb=\count325
\blx@tempcntc=\count326
\c@blx@maxsection=\count327
\c@blx@maxsegment@0=\count328
\blx@notetype=\count329
\blx@parenlevel@text=\count330
\blx@parenlevel@foot=\count331
\c@blx@sectionciteorder@0=\count332
\blx@entrysetcounter=\count333
\blx@biblioinstance=\count334
\labelnumberwidth=\skip85
\labelalphawidth=\skip86
\biblabelsep=\skip87
\bibitemsep=\skip88
\bibnamesep=\skip89
\bibinitsep=\skip90
\bibparsep=\skip91
\bibhang=\skip92
\blx@bcfin=\read2
\blx@bcfout=\write3
\blx@langwohyphens=\language87
\c@mincomprange=\count335
\c@maxcomprange=\count336
\c@mincompwidth=\count337
Package biblatex Info: Trying to load biblatex default data model...
Package biblatex Info: ... file 'blx-dm.def' found.
 (/usr/share/texlive/texmf-dist/tex/latex/biblatex/blx-dm.def
File: blx-dm.def 2022/02/02 v3.17 biblatex localization (PK/MW)
)
Package biblatex Info: Trying to load biblatex style data model...
Package biblatex Info: ... file 'ieee.dbx' not found.
Package biblatex Info: Trying to load biblatex custom data model...
Package biblatex Info: ... file 'biblatex-dm.cfg' not found.
\c@afterword=\count338
\c@savedafterword=\count339
\c@annotator=\count340
\c@savedannotator=\count341
\c@author=\count342
\c@savedauthor=\count343
\c@bookauthor=\count344
\c@savedbookauthor=\count345
\c@commentator=\count346
\c@savedcommentator=\count347
\c@editor=\count348
\c@savededitor=\count349
\c@editora=\count350
\c@savededitora=\count351
\c@editorb=\count352
\c@savededitorb=\count353
\c@editorc=\count354
\c@savededitorc=\count355
\c@foreword=\count356
\c@savedforeword=\count357
\c@holder=\count358
\c@savedholder=\count359
\c@introduction=\count360
\c@savedintroduction=\count361
\c@namea=\count362
\c@savednamea=\count363
\c@nameb=\count364
\c@savednameb=\count365
\c@namec=\count366
\c@savednamec=\count367
\c@translator=\count368
\c@savedtranslator=\count369
\c@shortauthor=\count370
\c@savedshortauthor=\count371
\c@shorteditor=\count372
\c@savedshorteditor=\count373
\c@labelname=\count374
\c@savedlabelname=\count375
\c@institution=\count376
\c@savedinstitution=\count377
\c@lista=\count378
\c@savedlista=\count379
\c@listb=\count380
\c@savedlistb=\count381
\c@listc=\count382
\c@savedlistc=\count383
\c@listd=\count384
\c@savedlistd=\count385
\c@liste=\count386
\c@savedliste=\count387
\c@listf=\count388
\c@savedlistf=\count389
\c@location=\count390
\c@savedlocation=\count391
\c@organization=\count392
\c@savedorganization=\count393
\c@origlocation=\count394
\c@savedoriglocation=\count395
\c@origpublisher=\count396
\c@savedorigpublisher=\count397
\c@publisher=\count398
\c@savedpublisher=\count399
\c@language=\count400
\c@savedlanguage=\count401
\c@origlanguage=\count402
\c@savedoriglanguage=\count403
\c@pageref=\count404
\c@savedpageref=\count405
\shorthandwidth=\skip93
\shortjournalwidth=\skip94
\shortserieswidth=\skip95
\shorttitlewidth=\skip96
\shortauthorwidth=\skip97
\shorteditorwidth=\skip98
\locallabelnumberwidth=\skip99
\locallabelalphawidth=\skip100
\localshorthandwidth=\skip101
\localshortjournalwidth=\skip102
\localshortserieswidth=\skip103
\localshorttitlewidth=\skip104
\localshortauthorwidth=\skip105
\localshorteditorwidth=\skip106
Package biblatex Info: Trying to load compatibility code...
Package biblatex Info: ... file 'blx-compat.def' found.
 (/usr/share/texlive/texmf-dist/tex/latex/biblatex/blx-compat.def
File: blx-compat.def 2022/02/02 v3.17 biblatex compatibility (PK/MW)
)
Package biblatex Info: Trying to load generic definitions...
Package biblatex Info: ... file 'biblatex.def' found.
 (/usr/share/texlive/texmf-dist/tex/latex/biblatex/biblatex.def
File: biblatex.def 2022/02/02 v3.17 biblatex compatibility (PK/MW)
\c@textcitecount=\count406
\c@textcitetotal=\count407
\c@textcitemaxnames=\count408
\c@biburlbigbreakpenalty=\count409
\c@biburlbreakpenalty=\count410
\c@biburlnumpenalty=\count411
\c@biburlucpenalty=\count412
\c@biburllcpenalty=\count413
\biburlbigskip=\muskip18
\biburlnumskip=\muskip19
\biburlucskip=\muskip20
\biburllcskip=\muskip21
\c@smartand=\count414
)
Package biblatex Info: Trying to load bibliography style 'ieee'...
Package biblatex Info: ... file 'ieee.bbx' found.
 (/usr/share/texlive/texmf-dist/tex/latex/biblatex-ieee/ieee.bbx
File: ieee.bbx 2021/12/06 v1.3f biblatex bibliography style
Package biblatex Info: Trying to load bibliography style 'numeric-comp'...
Package biblatex Info: ... file 'numeric-comp.bbx' found.
 (/usr/share/texlive/texmf-dist/tex/latex/biblatex/bbx/numeric-comp.bbx
File: numeric-comp.bbx 2022/02/02 v3.17 biblatex bibliography style (PK/MW)
Package biblatex Info: Trying to load bibliography style 'numeric'...
Package biblatex Info: ... file 'numeric.bbx' found.
 (/usr/share/texlive/texmf-dist/tex/latex/biblatex/bbx/numeric.bbx
File: numeric.bbx 2022/02/02 v3.17 biblatex bibliography style (PK/MW)
Package biblatex Info: Trying to load bibliography style 'standard'...
Package biblatex Info: ... file 'standard.bbx' found.
 (/usr/share/texlive/texmf-dist/tex/latex/biblatex/bbx/standard.bbx
File: standard.bbx 2022/02/02 v3.17 biblatex bibliography style (PK/MW)
\c@bbx:relatedcount=\count415
\c@bbx:relatedtotal=\count416
))))
Package biblatex Info: Trying to load citation style 'ieee'...
Package biblatex Info: ... file 'ieee.cbx' found.
 (/usr/share/texlive/texmf-dist/tex/latex/biblatex-ieee/ieee.cbx
File: ieee.cbx 2021/12/06 v1.3f biblatex citation style
Package biblatex Info: Trying to load citation style 'numeric-comp'...
Package biblatex Info: ... file 'numeric-comp.cbx' found.
 (/usr/share/texlive/texmf-dist/tex/latex/biblatex/cbx/numeric-comp.cbx
File: numeric-comp.cbx 2022/02/02 v3.17 biblatex citation style (PK/MW)
\c@cbx@tempcnta=\count417
\c@cbx@tempcntb=\count418
\c@cbx@tempcntc=\count419
\c@cbx@tempcntd=\count420
Package biblatex Info: Redefining '\cite'.
Package biblatex Info: Redefining '\parencite'.
Package biblatex Info: Redefining '\footcite'.
Package biblatex Info: Redefining '\footcitetext'.
Package biblatex Info: Redefining '\smartcite'.
Package biblatex Info: Redefining '\supercite'.
Package biblatex Info: Redefining '\textcite'.
Package biblatex Info: Redefining '\textcites'.
Package biblatex Info: Redefining '\cites'.
Package biblatex Info: Redefining '\parencites'.
Package biblatex Info: Redefining '\smartcites'.
)
Package biblatex Info: Redefining '\cite'.
Package biblatex Info: Redefining '\supercite'.
Package biblatex Info: Redefining '\cites'.
)
Package biblatex Info: Trying to load configuration file...
Package biblatex Info: ... file 'biblatex.cfg' found.
 (/usr/share/texlive/texmf-dist/tex/latex/biblatex/biblatex.cfg
File: biblatex.cfg 
)
Package biblatex Info: Input encoding 'utf8' detected.
Package biblatex Info: Document encoding is UTF8 ....
 (/usr/share/texlive/texmf-dist/tex/latex/l3kernel/expl3.sty
Package: expl3 2022-01-21 L3 programming layer (loader) 
 (/usr/share/texlive/texmf-dist/tex/latex/l3backend/l3backend-pdftex.def
File: l3backend-pdftex.def 2022-01-12 L3 backend support: PDF output (pdfTeX)
\l__color_backend_stack_int=\count421
\l__pdf_internal_box=\box61
))
Package biblatex Info: ... and expl3
(biblatex)             2022-01-21 L3 programming layer (loader) 
(biblatex)             is new enough (at least 2020/04/06),
(biblatex)             setting 'casechanger=expl3'.
 (/usr/share/texlive/texmf-dist/tex/latex/biblatex/blx-case-expl3.sty (/usr/share/texlive/texmf-dist/tex/latex/l3packages/xparse/xparse.sty
Package: xparse 2022-01-12 L3 Experimental document command parser
)
Package: blx-case-expl3 2022/02/02 v3.17 expl3 case changing code for biblatex
)) (/usr/share/texlive/texmf-dist/tex/latex/hyperref/hyperref.sty
Package: hyperref 2021-06-07 v7.00m Hypertext links for LaTeX
 (/usr/share/texlive/texmf-dist/tex/generic/kvdefinekeys/kvdefinekeys.sty
Package: kvdefinekeys 2019-12-19 v1.6 Define keys (HO)
) (/usr/share/texlive/texmf-dist/tex/generic/pdfescape/pdfescape.sty
Package: pdfescape 2019/12/09 v1.15 Implements pdfTeX's escape features (HO)
) (/usr/share/texlive/texmf-dist/tex/latex/hycolor/hycolor.sty
Package: hycolor 2020-01-27 v1.10 Color options for hyperref/bookmark (HO)
) (/usr/share/texlive/texmf-dist/tex/latex/letltxmacro/letltxmacro.sty
Package: letltxmacro 2019/12/03 v1.6 Let assignment for LaTeX macros (HO)
) (/usr/share/texlive/texmf-dist/tex/latex/auxhook/auxhook.sty
Package: auxhook 2019-12-17 v1.6 Hooks for auxiliary files (HO)
)
\@linkdim=\dimen192
\Hy@linkcounter=\count422
\Hy@pagecounter=\count423
 (/usr/share/texlive/texmf-dist/tex/latex/hyperref/pd1enc.def
File: pd1enc.def 2021-06-07 v7.00m Hyperref: PDFDocEncoding definition (HO)
Now handling font encoding PD1 ...
... no UTF-8 mapping file for font encoding PD1
) (/usr/share/texlive/texmf-dist/tex/latex/hyperref/hyperref-langpatches.def
File: hyperref-langpatches.def 2021-06-07 v7.00m Hyperref: patches for babel languages
) (/usr/share/texlive/texmf-dist/tex/generic/intcalc/intcalc.sty
Package: intcalc 2019/12/15 v1.3 Expandable calculations with integers (HO)
) (/usr/share/texlive/texmf-dist/tex/generic/etexcmds/etexcmds.sty
Package: etexcmds 2019/12/15 v1.7 Avoid name clashes with e-TeX commands (HO)
)
\Hy@SavedSpaceFactor=\count424
 (/usr/share/texlive/texmf-dist/tex/latex/hyperref/puenc.def
File: puenc.def 2021-06-07 v7.00m Hyperref: PDF Unicode definition (HO)
Now handling font encoding PU ...
... no UTF-8 mapping file for font encoding PU
)
Package hyperref Info: Hyper figures OFF on input line 4192.
Package hyperref Info: Link nesting OFF on input line 4197.
Package hyperref Info: Hyper index ON on input line 4200.
Package hyperref Info: Plain pages OFF on input line 4207.
Package hyperref Info: Backreferencing OFF on input line 4212.
Package hyperref Info: Implicit mode ON; LaTeX internals redefined.
Package hyperref Info: Bookmarks ON on input line 4445.
\c@Hy@tempcnt=\count425
LaTeX Info: Redefining \url on input line 4804.
\XeTeXLinkMargin=\dimen193
 (/usr/share/texlive/texmf-dist/tex/generic/bitset/bitset.sty
Package: bitset 2019/12/09 v1.3 Handle bit-vector datatype (HO)
 (/usr/share/texlive/texmf-dist/tex/generic/bigintcalc/bigintcalc.sty
Package: bigintcalc 2019/12/15 v1.5 Expandable calculations on big integers (HO)
))
\Fld@menulength=\count426
\Field@Width=\dimen194
\Fld@charsize=\dimen195
Package hyperref Info: Hyper figures OFF on input line 6076.
Package hyperref Info: Link nesting OFF on input line 6081.
Package hyperref Info: Hyper index ON on input line 6084.
Package hyperref Info: backreferencing OFF on input line 6091.
Package hyperref Info: Link coloring OFF on input line 6096.
Package hyperref Info: Link coloring with OCG OFF on input line 6101.
Package hyperref Info: PDF/A mode OFF on input line 6106.
LaTeX Info: Redefining \ref on input line 6146.
LaTeX Info: Redefining \pageref on input line 6150.
 (/usr/share/texlive/texmf-dist/tex/latex/base/atbegshi-ltx.sty
Package: atbegshi-ltx 2021/01/10 v1.0c Emulation of the original atbegshi
package with kernel methods
)
\Hy@abspage=\count427
\c@Item=\count428
\c@Hfootnote=\count429
)
Package hyperref Info: Driver (autodetected): hpdftex.
 (/usr/share/texlive/texmf-dist/tex/latex/hyperref/hpdftex.def
File: hpdftex.def 2021-06-07 v7.00m Hyperref driver for pdfTeX
 (/usr/share/texlive/texmf-dist/tex/latex/base/atveryend-ltx.sty
Package: atveryend-ltx 2020/08/19 v1.0a Emulation of the original atveryend package
with kernel methods
)
\Fld@listcount=\count430
\c@bookmark@seq@number=\count431
 (/usr/share/texlive/texmf-dist/tex/latex/rerunfilecheck/rerunfilecheck.sty
Package: rerunfilecheck 2019/12/05 v1.9 Rerun checks for auxiliary files (HO)
 (/usr/share/texlive/texmf-dist/tex/generic/uniquecounter/uniquecounter.sty
Package: uniquecounter 2019/12/15 v1.4 Provide unlimited unique counter (HO)
)
Package uniquecounter Info: New unique counter `rerunfilecheck' on input line 286.
)
\Hy@SectionHShift=\skip107
){/var/lib/texmf/fonts/map/pdftex/updmap/pdftex.map}{/usr/share/texlive/texmf-dist/fonts/map/dvips/tetex/pdftex35.map

pdfTeX warning: pdflatex (file /usr/share/texlive/texmf-dist/fonts/map/dvips/tetex/pdftex35.map): fontmap entry for `pagd8g' already exists, duplicates ignored


pdfTeX warning: pdflatex (file /usr/share/texlive/texmf-dist/fonts/map/dvips/tetex/pdftex35.map): fontmap entry for `pagdo8g' already exists, duplicates ignored


pdfTeX warning: pdflatex (file /usr/share/texlive/texmf-dist/fonts/map/dvips/tetex/pdftex35.map): fontmap entry for `pagk8g' already exists, duplicates ignored


pdfTeX warning: pdflatex (file /usr/share/texlive/texmf-dist/fonts/map/dvips/tetex/pdftex35.map): fontmap entry for `pagko8g' already exists, duplicates ignored


pdfTeX warning: pdflatex (file /usr/share/texlive/texmf-dist/fonts/map/dvips/tetex/pdftex35.map): fontmap entry for `pagd8r' already exists, duplicates ignored


pdfTeX warning: pdflatex (file /usr/share/texlive/texmf-dist/fonts/map/dvips/tetex/pdftex35.map): fontmap entry for `pagdo8r' already exists, duplicates ignored


pdfTeX warning: pdflatex (file /usr/share/texlive/texmf-dist/fonts/map/dvips/tetex/pdftex35.map): fontmap entry for `pagk8r' already exists, duplicates ignored


pdfTeX warning: pdflatex (file /usr/share/texlive/texmf-dist/fonts/map/dvips/tetex/pdftex35.map): fontmap entry for `pagko8r' already exists, duplicates ignored


pdfTeX warning: pdflatex (file /usr/share/texlive/texmf-dist/fonts/map/dvips/tetex/pdftex35.map): fontmap entry for `pagd8y' already exists, duplicates ignored


pdfTeX warning: pdflatex (file /usr/share/texlive/texmf-dist/fonts/map/dvips/tetex/pdftex35.map): fontmap entry for `pagdo8y' already exists, duplicates ignored


pdfTeX warning: pdflatex (file /usr/share/texlive/texmf-dist/fonts/map/dvips/tetex/pdftex35.map): fontmap entry for `pagk8y' already exists, duplicates ignored


pdfTeX warning: pdflatex (file /usr/share/texlive/texmf-dist/fonts/map/dvips/tetex/pdftex35.map): fontmap entry for `pagko8y' already exists, duplicates ignored


pdfTeX warning: pdflatex (file /usr/share/texlive/texmf-dist/fonts/map/dvips/tetex/pdftex35.map): fontmap entry for `pagk8z' already exists, duplicates ignored


pdfTeX warning: pdflatex (file /usr/share/texlive/texmf-dist/fonts/map/dvips/tetex/pdftex35.map): fontmap entry for `pagko8z' already exists, duplicates ignored


pdfTeX warning: pdflatex (file /usr/share/texlive/texmf-dist/fonts/map/dvips/tetex/pdftex35.map): fontmap entry for `pagd8z' already exists, duplicates ignored


pdfTeX warning: pdflatex (file /usr/share/texlive/texmf-dist/fonts/map/dvips/tetex/pdftex35.map): fontmap entry for `pagdo8z' already exists, duplicates ignored


pdfTeX warning: pdflatex (file /usr/share/texlive/texmf-dist/fonts/map/dvips/tetex/pdftex35.map): fontmap entry for `pbkd8g' already exists, duplicates ignored


pdfTeX warning: pdflatex (file /usr/share/texlive/texmf-dist/fonts/map/dvips/tetex/pdftex35.map): fontmap entry for `pbkdi8g' already exists, duplicates ignored


pdfTeX warning: pdflatex (file /usr/share/texlive/texmf-dist/fonts/map/dvips/tetex/pdftex35.map): fontmap entry for `pbkl8g' already exists, duplicates ignored


pdfTeX warning: pdflatex (file /usr/share/texlive/texmf-dist/fonts/map/dvips/tetex/pdftex35.map): fontmap entry for `pbkli8g' already exists, duplicates ignored


pdfTeX warning: pdflatex (file /usr/share/texlive/texmf-dist/fonts/map/dvips/tetex/pdftex35.map): fontmap entry for `pbkd8r' already exists, duplicates ignored


pdfTeX warning: pdflatex (file /usr/share/texlive/texmf-dist/fonts/map/dvips/tetex/pdftex35.map): fontmap entry for `pbkdi8r' already exists, duplicates ignored


pdfTeX warning: pdflatex (file /usr/share/texlive/texmf-dist/fonts/map/dvips/tetex/pdftex35.map): fontmap entry for `pbkdo8r' already exists, duplicates ignored


pdfTeX warning: pdflatex (file /usr/share/texlive/texmf-dist/fonts/map/dvips/tetex/pdftex35.map): fontmap entry for `pbkl8r' already exists, duplicates ignored


pdfTeX warning: pdflatex (file /usr/share/texlive/texmf-dist/fonts/map/dvips/tetex/pdftex35.map): fontmap entry for `pbkli8r' already exists, duplicates ignored


pdfTeX warning: pdflatex (file /usr/share/texlive/texmf-dist/fonts/map/dvips/tetex/pdftex35.map): fontmap entry for `pbklo8r' already exists, duplicates ignored


pdfTeX warning: pdflatex (file /usr/share/texlive/texmf-dist/fonts/map/dvips/tetex/pdftex35.map): fontmap entry for `pbkd8y' already exists, duplicates ignored


pdfTeX warning: pdflatex (file /usr/share/texlive/texmf-dist/fonts/map/dvips/tetex/pdftex35.map): fontmap entry for `pbkdi8y' already exists, duplicates ignored


pdfTeX warning: pdflatex (file /usr/share/texlive/texmf-dist/fonts/map/dvips/tetex/pdftex35.map): fontmap entry for `pbkdo8y' already exists, duplicates ignored


pdfTeX warning: pdflatex (file /usr/share/texlive/texmf-dist/fonts/map/dvips/tetex/pdftex35.map): fontmap entry for `pbkl8y' already exists, duplicates ignored


pdfTeX warning: pdflatex (file /usr/share/texlive/texmf-dist/fonts/map/dvips/tetex/pdftex35.map): fontmap entry for `pbkli8y' already exists, duplicates ignored


pdfTeX warning: pdflatex (file /usr/share/texlive/texmf-dist/fonts/map/dvips/tetex/pdftex35.map): fontmap entry for `pbklo8y' already exists, duplicates ignored


pdfTeX warning: pdflatex (file /usr/share/texlive/texmf-dist/fonts/map/dvips/tetex/pdftex35.map): fontmap entry for `pbkd8z' already exists, duplicates ignored


pdfTeX warning: pdflatex (file /usr/share/texlive/texmf-dist/fonts/map/dvips/tetex/pdftex35.map): fontmap entry for `pbkdi8z' already exists, duplicates ignored


pdfTeX warning: pdflatex (file /usr/share/texlive/texmf-dist/fonts/map/dvips/tetex/pdftex35.map): fontmap entry for `pbkl8z' already exists, duplicates ignored


pdfTeX warning: pdflatex (file /usr/share/texlive/texmf-dist/fonts/map/dvips/tetex/pdftex35.map): fontmap entry for `pbkli8z' already exists, duplicates ignored


pdfTeX warning: pdflatex (file /usr/share/texlive/texmf-dist/fonts/map/dvips/tetex/pdftex35.map): fontmap entry for `pcrb8g' already exists, duplicates ignored


pdfTeX warning: pdflatex (file /usr/share/texlive/texmf-dist/fonts/map/dvips/tetex/pdftex35.map): fontmap entry for `pcrbo8g' already exists, duplicates ignored


pdfTeX warning: pdflatex (file /usr/share/texlive/texmf-dist/fonts/map/dvips/tetex/pdftex35.map): fontmap entry for `pcrr8g' already exists, duplicates ignored


pdfTeX warning: pdflatex (file /usr/share/texlive/texmf-dist/fonts/map/dvips/tetex/pdftex35.map): fontmap entry for `pcrro8g' already exists, duplicates ignored


pdfTeX warning: pdflatex (file /usr/share/texlive/texmf-dist/fonts/map/dvips/tetex/pdftex35.map): fontmap entry for `pcrb8r' already exists, duplicates ignored


pdfTeX warning: pdflatex (file /usr/share/texlive/texmf-dist/fonts/map/dvips/tetex/pdftex35.map): fontmap entry for `pcrbo8r' already exists, duplicates ignored


pdfTeX warning: pdflatex (file /usr/share/texlive/texmf-dist/fonts/map/dvips/tetex/pdftex35.map): fontmap entry for `pcrr8r' already exists, duplicates ignored


pdfTeX warning: pdflatex (file /usr/share/texlive/texmf-dist/fonts/map/dvips/tetex/pdftex35.map): fontmap entry for `pcrr8rn' already exists, duplicates ignored


pdfTeX warning: pdflatex (file /usr/share/texlive/texmf-dist/fonts/map/dvips/tetex/pdftex35.map): fontmap entry for `pcrro8r' already exists, duplicates ignored


pdfTeX warning: pdflatex (file /usr/share/texlive/texmf-dist/fonts/map/dvips/tetex/pdftex35.map): fontmap entry for `pcrb8y' already exists, duplicates ignored


pdfTeX warning: pdflatex (file /usr/share/texlive/texmf-dist/fonts/map/dvips/tetex/pdftex35.map): fontmap entry for `pcrbo8y' already exists, duplicates ignored


pdfTeX warning: pdflatex (file /usr/share/texlive/texmf-dist/fonts/map/dvips/tetex/pdftex35.map): fontmap entry for `pcrr8y' already exists, duplicates ignored


pdfTeX warning: pdflatex (file /usr/share/texlive/texmf-dist/fonts/map/dvips/tetex/pdftex35.map): fontmap entry for `pcrro8y' already exists, duplicates ignored


pdfTeX warning: pdflatex (file /usr/share/texlive/texmf-dist/fonts/map/dvips/tetex/pdftex35.map): fontmap entry for `pcrb8u' already exists, duplicates ignored


pdfTeX warning: pdflatex (file /usr/share/texlive/texmf-dist/fonts/map/dvips/tetex/pdftex35.map): fontmap entry for `pcrbo8u' already exists, duplicates ignored


pdfTeX warning: pdflatex (file /usr/share/texlive/texmf-dist/fonts/map/dvips/tetex/pdftex35.map): fontmap entry for `pcrro8u' already exists, duplicates ignored


pdfTeX warning: pdflatex (file /usr/share/texlive/texmf-dist/fonts/map/dvips/tetex/pdftex35.map): fontmap entry for `pcrr8u' already exists, duplicates ignored


pdfTeX warning: pdflatex (file /usr/share/texlive/texmf-dist/fonts/map/dvips/tetex/pdftex35.map): fontmap entry for `cob' already exists, duplicates ignored


pdfTeX warning: pdflatex (file /usr/share/texlive/texmf-dist/fonts/map/dvips/tetex/pdftex35.map): fontmap entry for `cobo' already exists, duplicates ignored


pdfTeX warning: pdflatex (file /usr/share/texlive/texmf-dist/fonts/map/dvips/tetex/pdftex35.map): fontmap entry for `com' already exists, duplicates ignored


pdfTeX warning: pdflatex (file /usr/share/texlive/texmf-dist/fonts/map/dvips/tetex/pdftex35.map): fontmap entry for `coo' already exists, duplicates ignored


pdfTeX warning: pdflatex (file /usr/share/texlive/texmf-dist/fonts/map/dvips/tetex/pdftex35.map): fontmap entry for `phvb8g' already exists, duplicates ignored


pdfTeX warning: pdflatex (file /usr/share/texlive/texmf-dist/fonts/map/dvips/tetex/pdftex35.map): fontmap entry for `phvbo8g' already exists, duplicates ignored


pdfTeX warning: pdflatex (file /usr/share/texlive/texmf-dist/fonts/map/dvips/tetex/pdftex35.map): fontmap entry for `phvr8g' already exists, duplicates ignored


pdfTeX warning: pdflatex (file /usr/share/texlive/texmf-dist/fonts/map/dvips/tetex/pdftex35.map): fontmap entry for `phvro8g' already exists, duplicates ignored


pdfTeX warning: pdflatex (file /usr/share/texlive/texmf-dist/fonts/map/dvips/tetex/pdftex35.map): fontmap entry for `phvb8r' already exists, duplicates ignored


pdfTeX warning: pdflatex (file /usr/share/texlive/texmf-dist/fonts/map/dvips/tetex/pdftex35.map): fontmap entry for `phvbo8r' already exists, duplicates ignored


pdfTeX warning: pdflatex (file /usr/share/texlive/texmf-dist/fonts/map/dvips/tetex/pdftex35.map): fontmap entry for `phvr8r' already exists, duplicates ignored


pdfTeX warning: pdflatex (file /usr/share/texlive/texmf-dist/fonts/map/dvips/tetex/pdftex35.map): fontmap entry for `phvro8r' already exists, duplicates ignored


pdfTeX warning: pdflatex (file /usr/share/texlive/texmf-dist/fonts/map/dvips/tetex/pdftex35.map): fontmap entry for `phvb8y' already exists, duplicates ignored


pdfTeX warning: pdflatex (file /usr/share/texlive/texmf-dist/fonts/map/dvips/tetex/pdftex35.map): fontmap entry for `phvbo8y' already exists, duplicates ignored


pdfTeX warning: pdflatex (file /usr/share/texlive/texmf-dist/fonts/map/dvips/tetex/pdftex35.map): fontmap entry for `phvr8y' already exists, duplicates ignored


pdfTeX warning: pdflatex (file /usr/share/texlive/texmf-dist/fonts/map/dvips/tetex/pdftex35.map): fontmap entry for `phvro8y' already exists, duplicates ignored


pdfTeX warning: pdflatex (file /usr/share/texlive/texmf-dist/fonts/map/dvips/tetex/pdftex35.map): fontmap entry for `phvb8z' already exists, duplicates ignored


pdfTeX warning: pdflatex (file /usr/share/texlive/texmf-dist/fonts/map/dvips/tetex/pdftex35.map): fontmap entry for `phvbo8z' already exists, duplicates ignored


pdfTeX warning: pdflatex (file /usr/share/texlive/texmf-dist/fonts/map/dvips/tetex/pdftex35.map): fontmap entry for `phvr8z' already exists, duplicates ignored


pdfTeX warning: pdflatex (file /usr/share/texlive/texmf-dist/fonts/map/dvips/tetex/pdftex35.map): fontmap entry for `phvro8z' already exists, duplicates ignored


pdfTeX warning: pdflatex (file /usr/share/texlive/texmf-dist/fonts/map/dvips/tetex/pdftex35.map): fontmap entry for `hv' already exists, duplicates ignored


pdfTeX warning: pdflatex (file /usr/share/texlive/texmf-dist/fonts/map/dvips/tetex/pdftex35.map): fontmap entry for `hvb' already exists, duplicates ignored


pdfTeX warning: pdflatex (file /usr/share/texlive/texmf-dist/fonts/map/dvips/tetex/pdftex35.map): fontmap entry for `hvbo' already exists, duplicates ignored


pdfTeX warning: pdflatex (file /usr/share/texlive/texmf-dist/fonts/map/dvips/tetex/pdftex35.map): fontmap entry for `hvo' already exists, duplicates ignored


pdfTeX warning: pdflatex (file /usr/share/texlive/texmf-dist/fonts/map/dvips/tetex/pdftex35.map): fontmap entry for `phvbn8g' already exists, duplicates ignored


pdfTeX warning: pdflatex (file /usr/share/texlive/texmf-dist/fonts/map/dvips/tetex/pdftex35.map): fontmap entry for `phvbon8g' already exists, duplicates ignored


pdfTeX warning: pdflatex (file /usr/share/texlive/texmf-dist/fonts/map/dvips/tetex/pdftex35.map): fontmap entry for `phvrn8g' already exists, duplicates ignored


pdfTeX warning: pdflatex (file /usr/share/texlive/texmf-dist/fonts/map/dvips/tetex/pdftex35.map): fontmap entry for `phvron8g' already exists, duplicates ignored


pdfTeX warning: pdflatex (file /usr/share/texlive/texmf-dist/fonts/map/dvips/tetex/pdftex35.map): fontmap entry for `phvb8rn' already exists, duplicates ignored


pdfTeX warning: pdflatex (file /usr/share/texlive/texmf-dist/fonts/map/dvips/tetex/pdftex35.map): fontmap entry for `phvbo8rn' already exists, duplicates ignored


pdfTeX warning: pdflatex (file /usr/share/texlive/texmf-dist/fonts/map/dvips/tetex/pdftex35.map): fontmap entry for `phvr8rn' already exists, duplicates ignored


pdfTeX warning: pdflatex (file /usr/share/texlive/texmf-dist/fonts/map/dvips/tetex/pdftex35.map): fontmap entry for `phvro8rn' already exists, duplicates ignored


pdfTeX warning: pdflatex (file /usr/share/texlive/texmf-dist/fonts/map/dvips/tetex/pdftex35.map): fontmap entry for `phvb8yn' already exists, duplicates ignored


pdfTeX warning: pdflatex (file /usr/share/texlive/texmf-dist/fonts/map/dvips/tetex/pdftex35.map): fontmap entry for `phvbo8yn' already exists, duplicates ignored


pdfTeX warning: pdflatex (file /usr/share/texlive/texmf-dist/fonts/map/dvips/tetex/pdftex35.map): fontmap entry for `phvr8yn' already exists, duplicates ignored


pdfTeX warning: pdflatex (file /usr/share/texlive/texmf-dist/fonts/map/dvips/tetex/pdftex35.map): fontmap entry for `phvro8yn' already exists, duplicates ignored


pdfTeX warning: pdflatex (file /usr/share/texlive/texmf-dist/fonts/map/dvips/tetex/pdftex35.map): fontmap entry for `phvbn8z' already exists, duplicates ignored


pdfTeX warning: pdflatex (file /usr/share/texlive/texmf-dist/fonts/map/dvips/tetex/pdftex35.map): fontmap entry for `phvbon8z' already exists, duplicates ignored


pdfTeX warning: pdflatex (file /usr/share/texlive/texmf-dist/fonts/map/dvips/tetex/pdftex35.map): fontmap entry for `phvrn8z' already exists, duplicates ignored


pdfTeX warning: pdflatex (file /usr/share/texlive/texmf-dist/fonts/map/dvips/tetex/pdftex35.map): fontmap entry for `phvron8z' already exists, duplicates ignored


pdfTeX warning: pdflatex (file /usr/share/texlive/texmf-dist/fonts/map/dvips/tetex/pdftex35.map): fontmap entry for `pncb8g' already exists, duplicates ignored


pdfTeX warning: pdflatex (file /usr/share/texlive/texmf-dist/fonts/map/dvips/tetex/pdftex35.map): fontmap entry for `pncbi8g' already exists, duplicates ignored


pdfTeX warning: pdflatex (file /usr/share/texlive/texmf-dist/fonts/map/dvips/tetex/pdftex35.map): fontmap entry for `pncr8g' already exists, duplicates ignored


pdfTeX warning: pdflatex (file /usr/share/texlive/texmf-dist/fonts/map/dvips/tetex/pdftex35.map): fontmap entry for `pncri8g' already exists, duplicates ignored


pdfTeX warning: pdflatex (file /usr/share/texlive/texmf-dist/fonts/map/dvips/tetex/pdftex35.map): fontmap entry for `pncb8r' already exists, duplicates ignored


pdfTeX warning: pdflatex (file /usr/share/texlive/texmf-dist/fonts/map/dvips/tetex/pdftex35.map): fontmap entry for `pncbi8r' already exists, duplicates ignored


pdfTeX warning: pdflatex (file /usr/share/texlive/texmf-dist/fonts/map/dvips/tetex/pdftex35.map): fontmap entry for `pncbo8r' already exists, duplicates ignored


pdfTeX warning: pdflatex (file /usr/share/texlive/texmf-dist/fonts/map/dvips/tetex/pdftex35.map): fontmap entry for `pncr8r' already exists, duplicates ignored


pdfTeX warning: pdflatex (file /usr/share/texlive/texmf-dist/fonts/map/dvips/tetex/pdftex35.map): fontmap entry for `pncri8r' already exists, duplicates ignored


pdfTeX warning: pdflatex (file /usr/share/texlive/texmf-dist/fonts/map/dvips/tetex/pdftex35.map): fontmap entry for `pncro8r' already exists, duplicates ignored


pdfTeX warning: pdflatex (file /usr/share/texlive/texmf-dist/fonts/map/dvips/tetex/pdftex35.map): fontmap entry for `pncb8y' already exists, duplicates ignored


pdfTeX warning: pdflatex (file /usr/share/texlive/texmf-dist/fonts/map/dvips/tetex/pdftex35.map): fontmap entry for `pncbi8y' already exists, duplicates ignored


pdfTeX warning: pdflatex (file /usr/share/texlive/texmf-dist/fonts/map/dvips/tetex/pdftex35.map): fontmap entry for `pncbo8y' already exists, duplicates ignored


pdfTeX warning: pdflatex (file /usr/share/texlive/texmf-dist/fonts/map/dvips/tetex/pdftex35.map): fontmap entry for `pncr8y' already exists, duplicates ignored


pdfTeX warning: pdflatex (file /usr/share/texlive/texmf-dist/fonts/map/dvips/tetex/pdftex35.map): fontmap entry for `pncri8y' already exists, duplicates ignored


pdfTeX warning: pdflatex (file /usr/share/texlive/texmf-dist/fonts/map/dvips/tetex/pdftex35.map): fontmap entry for `pncro8y' already exists, duplicates ignored


pdfTeX warning: pdflatex (file /usr/share/texlive/texmf-dist/fonts/map/dvips/tetex/pdftex35.map): fontmap entry for `pncb8z' already exists, duplicates ignored


pdfTeX warning: pdflatex (file /usr/share/texlive/texmf-dist/fonts/map/dvips/tetex/pdftex35.map): fontmap entry for `pncbi8z' already exists, duplicates ignored


pdfTeX warning: pdflatex (file /usr/share/texlive/texmf-dist/fonts/map/dvips/tetex/pdftex35.map): fontmap entry for `pncr8z' already exists, duplicates ignored


pdfTeX warning: pdflatex (file /usr/share/texlive/texmf-dist/fonts/map/dvips/tetex/pdftex35.map): fontmap entry for `pncri8z' already exists, duplicates ignored


pdfTeX warning: pdflatex (file /usr/share/texlive/texmf-dist/fonts/map/dvips/tetex/pdftex35.map): fontmap entry for `pplb8g' already exists, duplicates ignored


pdfTeX warning: pdflatex (file /usr/share/texlive/texmf-dist/fonts/map/dvips/tetex/pdftex35.map): fontmap entry for `pplbi8g' already exists, duplicates ignored


pdfTeX warning: pdflatex (file /usr/share/texlive/texmf-dist/fonts/map/dvips/tetex/pdftex35.map): fontmap entry for `pplr8g' already exists, duplicates ignored


pdfTeX warning: pdflatex (file /usr/share/texlive/texmf-dist/fonts/map/dvips/tetex/pdftex35.map): fontmap entry for `pplri8g' already exists, duplicates ignored


pdfTeX warning: pdflatex (file /usr/share/texlive/texmf-dist/fonts/map/dvips/tetex/pdftex35.map): fontmap entry for `pplb8r' already exists, duplicates ignored


pdfTeX warning: pdflatex (file /usr/share/texlive/texmf-dist/fonts/map/dvips/tetex/pdftex35.map): fontmap entry for `pplbi8r' already exists, duplicates ignored


pdfTeX warning: pdflatex (file /usr/share/texlive/texmf-dist/fonts/map/dvips/tetex/pdftex35.map): fontmap entry for `pplbo8r' already exists, duplicates ignored


pdfTeX warning: pdflatex (file /usr/share/texlive/texmf-dist/fonts/map/dvips/tetex/pdftex35.map): fontmap entry for `pplbu8r' already exists, duplicates ignored


pdfTeX warning: pdflatex (file /usr/share/texlive/texmf-dist/fonts/map/dvips/tetex/pdftex35.map): fontmap entry for `pplr8r' already exists, duplicates ignored


pdfTeX warning: pdflatex (file /usr/share/texlive/texmf-dist/fonts/map/dvips/tetex/pdftex35.map): fontmap entry for `pplr8rn' already exists, duplicates ignored


pdfTeX warning: pdflatex (file /usr/share/texlive/texmf-dist/fonts/map/dvips/tetex/pdftex35.map): fontmap entry for `pplri8r' already exists, duplicates ignored


pdfTeX warning: pdflatex (file /usr/share/texlive/texmf-dist/fonts/map/dvips/tetex/pdftex35.map): fontmap entry for `pplro8r' already exists, duplicates ignored


pdfTeX warning: pdflatex (file /usr/share/texlive/texmf-dist/fonts/map/dvips/tetex/pdftex35.map): fontmap entry for `pplrr8re' already exists, duplicates ignored


pdfTeX warning: pdflatex (file /usr/share/texlive/texmf-dist/fonts/map/dvips/tetex/pdftex35.map): fontmap entry for `pplru8r' already exists, duplicates ignored


pdfTeX warning: pdflatex (file /usr/share/texlive/texmf-dist/fonts/map/dvips/tetex/pdftex35.map): fontmap entry for `pplb8y' already exists, duplicates ignored


pdfTeX warning: pdflatex (file /usr/share/texlive/texmf-dist/fonts/map/dvips/tetex/pdftex35.map): fontmap entry for `pplbi8y' already exists, duplicates ignored


pdfTeX warning: pdflatex (file /usr/share/texlive/texmf-dist/fonts/map/dvips/tetex/pdftex35.map): fontmap entry for `pplbo8y' already exists, duplicates ignored


pdfTeX warning: pdflatex (file /usr/share/texlive/texmf-dist/fonts/map/dvips/tetex/pdftex35.map): fontmap entry for `pplbu8y' already exists, duplicates ignored


pdfTeX warning: pdflatex (file /usr/share/texlive/texmf-dist/fonts/map/dvips/tetex/pdftex35.map): fontmap entry for `pplr8y' already exists, duplicates ignored


pdfTeX warning: pdflatex (file /usr/share/texlive/texmf-dist/fonts/map/dvips/tetex/pdftex35.map): fontmap entry for `pplr8yn' already exists, duplicates ignored


pdfTeX warning: pdflatex (file /usr/share/texlive/texmf-dist/fonts/map/dvips/tetex/pdftex35.map): fontmap entry for `pplri8y' already exists, duplicates ignored


pdfTeX warning: pdflatex (file /usr/share/texlive/texmf-dist/fonts/map/dvips/tetex/pdftex35.map): fontmap entry for `pplro8y' already exists, duplicates ignored


pdfTeX warning: pdflatex (file /usr/share/texlive/texmf-dist/fonts/map/dvips/tetex/pdftex35.map): fontmap entry for `pplrr8ye' already exists, duplicates ignored


pdfTeX warning: pdflatex (file /usr/share/texlive/texmf-dist/fonts/map/dvips/tetex/pdftex35.map): fontmap entry for `pplru8y' already exists, duplicates ignored


pdfTeX warning: pdflatex (file /usr/share/texlive/texmf-dist/fonts/map/dvips/tetex/pdftex35.map): fontmap entry for `pplb8z' already exists, duplicates ignored


pdfTeX warning: pdflatex (file /usr/share/texlive/texmf-dist/fonts/map/dvips/tetex/pdftex35.map): fontmap entry for `pplbi8z' already exists, duplicates ignored


pdfTeX warning: pdflatex (file /usr/share/texlive/texmf-dist/fonts/map/dvips/tetex/pdftex35.map): fontmap entry for `pplr8z' already exists, duplicates ignored


pdfTeX warning: pdflatex (file /usr/share/texlive/texmf-dist/fonts/map/dvips/tetex/pdftex35.map): fontmap entry for `pplri8z' already exists, duplicates ignored


pdfTeX warning: pdflatex (file /usr/share/texlive/texmf-dist/fonts/map/dvips/tetex/pdftex35.map): fontmap entry for `psyr' already exists, duplicates ignored


pdfTeX warning: pdflatex (file /usr/share/texlive/texmf-dist/fonts/map/dvips/tetex/pdftex35.map): fontmap entry for `psyrgo' already exists, duplicates ignored


pdfTeX warning: pdflatex (file /usr/share/texlive/texmf-dist/fonts/map/dvips/tetex/pdftex35.map): fontmap entry for `sy' already exists, duplicates ignored


pdfTeX warning: pdflatex (file /usr/share/texlive/texmf-dist/fonts/map/dvips/tetex/pdftex35.map): fontmap entry for `psyro' already exists, duplicates ignored


pdfTeX warning: pdflatex (file /usr/share/texlive/texmf-dist/fonts/map/dvips/tetex/pdftex35.map): fontmap entry for `ptmb8g' already exists, duplicates ignored


pdfTeX warning: pdflatex (file /usr/share/texlive/texmf-dist/fonts/map/dvips/tetex/pdftex35.map): fontmap entry for `ptmbi8g' already exists, duplicates ignored


pdfTeX warning: pdflatex (file /usr/share/texlive/texmf-dist/fonts/map/dvips/tetex/pdftex35.map): fontmap entry for `ptmr8g' already exists, duplicates ignored


pdfTeX warning: pdflatex (file /usr/share/texlive/texmf-dist/fonts/map/dvips/tetex/pdftex35.map): fontmap entry for `ptmri8g' already exists, duplicates ignored


pdfTeX warning: pdflatex (file /usr/share/texlive/texmf-dist/fonts/map/dvips/tetex/pdftex35.map): fontmap entry for `ptmb8r' already exists, duplicates ignored


pdfTeX warning: pdflatex (file /usr/share/texlive/texmf-dist/fonts/map/dvips/tetex/pdftex35.map): fontmap entry for `ptmbi8r' already exists, duplicates ignored


pdfTeX warning: pdflatex (file /usr/share/texlive/texmf-dist/fonts/map/dvips/tetex/pdftex35.map): fontmap entry for `ptmbo8r' already exists, duplicates ignored


pdfTeX warning: pdflatex (file /usr/share/texlive/texmf-dist/fonts/map/dvips/tetex/pdftex35.map): fontmap entry for `ptmr8r' already exists, duplicates ignored


pdfTeX warning: pdflatex (file /usr/share/texlive/texmf-dist/fonts/map/dvips/tetex/pdftex35.map): fontmap entry for `ptmr8rn' already exists, duplicates ignored


pdfTeX warning: pdflatex (file /usr/share/texlive/texmf-dist/fonts/map/dvips/tetex/pdftex35.map): fontmap entry for `ptmri8r' already exists, duplicates ignored


pdfTeX warning: pdflatex (file /usr/share/texlive/texmf-dist/fonts/map/dvips/tetex/pdftex35.map): fontmap entry for `ptmro8r' already exists, duplicates ignored


pdfTeX warning: pdflatex (file /usr/share/texlive/texmf-dist/fonts/map/dvips/tetex/pdftex35.map): fontmap entry for `ptmrr8re' already exists, duplicates ignored


pdfTeX warning: pdflatex (file /usr/share/texlive/texmf-dist/fonts/map/dvips/tetex/pdftex35.map): fontmap entry for `ptmb8y' already exists, duplicates ignored


pdfTeX warning: pdflatex (file /usr/share/texlive/texmf-dist/fonts/map/dvips/tetex/pdftex35.map): fontmap entry for `ptmbi8y' already exists, duplicates ignored


pdfTeX warning: pdflatex (file /usr/share/texlive/texmf-dist/fonts/map/dvips/tetex/pdftex35.map): fontmap entry for `ptmbo8y' already exists, duplicates ignored


pdfTeX warning: pdflatex (file /usr/share/texlive/texmf-dist/fonts/map/dvips/tetex/pdftex35.map): fontmap entry for `ptmr8y' already exists, duplicates ignored


pdfTeX warning: pdflatex (file /usr/share/texlive/texmf-dist/fonts/map/dvips/tetex/pdftex35.map): fontmap entry for `ptmri8y' already exists, duplicates ignored


pdfTeX warning: pdflatex (file /usr/share/texlive/texmf-dist/fonts/map/dvips/tetex/pdftex35.map): fontmap entry for `ptmro8y' already exists, duplicates ignored


pdfTeX warning: pdflatex (file /usr/share/texlive/texmf-dist/fonts/map/dvips/tetex/pdftex35.map): fontmap entry for `ptmrr8ye' already exists, duplicates ignored


pdfTeX warning: pdflatex (file /usr/share/texlive/texmf-dist/fonts/map/dvips/tetex/pdftex35.map): fontmap entry for `ptmr8yn' already exists, duplicates ignored


pdfTeX warning: pdflatex (file /usr/share/texlive/texmf-dist/fonts/map/dvips/tetex/pdftex35.map): fontmap entry for `ptmb8z' already exists, duplicates ignored


pdfTeX warning: pdflatex (file /usr/share/texlive/texmf-dist/fonts/map/dvips/tetex/pdftex35.map): fontmap entry for `ptmbi8z' already exists, duplicates ignored


pdfTeX warning: pdflatex (file /usr/share/texlive/texmf-dist/fonts/map/dvips/tetex/pdftex35.map): fontmap entry for `ptmr8z' already exists, duplicates ignored


pdfTeX warning: pdflatex (file /usr/share/texlive/texmf-dist/fonts/map/dvips/tetex/pdftex35.map): fontmap entry for `ptmri8z' already exists, duplicates ignored


pdfTeX warning: pdflatex (file /usr/share/texlive/texmf-dist/fonts/map/dvips/tetex/pdftex35.map): fontmap entry for `tib' already exists, duplicates ignored


pdfTeX warning: pdflatex (file /usr/share/texlive/texmf-dist/fonts/map/dvips/tetex/pdftex35.map): fontmap entry for `tibi' already exists, duplicates ignored


pdfTeX warning: pdflatex (file /usr/share/texlive/texmf-dist/fonts/map/dvips/tetex/pdftex35.map): fontmap entry for `tibo' already exists, duplicates ignored


pdfTeX warning: pdflatex (file /usr/share/texlive/texmf-dist/fonts/map/dvips/tetex/pdftex35.map): fontmap entry for `tii' already exists, duplicates ignored


pdfTeX warning: pdflatex (file /usr/share/texlive/texmf-dist/fonts/map/dvips/tetex/pdftex35.map): fontmap entry for `tio' already exists, duplicates ignored


pdfTeX warning: pdflatex (file /usr/share/texlive/texmf-dist/fonts/map/dvips/tetex/pdftex35.map): fontmap entry for `tir' already exists, duplicates ignored


pdfTeX warning: pdflatex (file /usr/share/texlive/texmf-dist/fonts/map/dvips/tetex/pdftex35.map): fontmap entry for `pzcmi8g' already exists, duplicates ignored


pdfTeX warning: pdflatex (file /usr/share/texlive/texmf-dist/fonts/map/dvips/tetex/pdftex35.map): fontmap entry for `pzcmi8r' already exists, duplicates ignored


pdfTeX warning: pdflatex (file /usr/share/texlive/texmf-dist/fonts/map/dvips/tetex/pdftex35.map): fontmap entry for `pzcmi8y' already exists, duplicates ignored


pdfTeX warning: pdflatex (file /usr/share/texlive/texmf-dist/fonts/map/dvips/tetex/pdftex35.map): fontmap entry for `pzcmi8z' already exists, duplicates ignored


pdfTeX warning: pdflatex (file /usr/share/texlive/texmf-dist/fonts/map/dvips/tetex/pdftex35.map): fontmap entry for `pzdr' already exists, duplicates ignored


pdfTeX warning: pdflatex (file /usr/share/texlive/texmf-dist/fonts/map/dvips/tetex/pdftex35.map): fontmap entry for `zd' already exists, duplicates ignored


pdfTeX warning: pdflatex (file /usr/share/texlive/texmf-dist/fonts/map/dvips/tetex/pdftex35.map): fontmap entry for `zpzdr-reversed' already exists, duplicates ignored


pdfTeX warning: pdflatex (file /usr/share/texlive/texmf-dist/fonts/map/dvips/tetex/pdftex35.map): fontmap entry for `rpagd' already exists, duplicates ignored


pdfTeX warning: pdflatex (file /usr/share/texlive/texmf-dist/fonts/map/dvips/tetex/pdftex35.map): fontmap entry for `rpagdo' already exists, duplicates ignored


pdfTeX warning: pdflatex (file /usr/share/texlive/texmf-dist/fonts/map/dvips/tetex/pdftex35.map): fontmap entry for `rpagk' already exists, duplicates ignored


pdfTeX warning: pdflatex (file /usr/share/texlive/texmf-dist/fonts/map/dvips/tetex/pdftex35.map): fontmap entry for `rpagko' already exists, duplicates ignored


pdfTeX warning: pdflatex (file /usr/share/texlive/texmf-dist/fonts/map/dvips/tetex/pdftex35.map): fontmap entry for `rpbkd' already exists, duplicates ignored


pdfTeX warning: pdflatex (file /usr/share/texlive/texmf-dist/fonts/map/dvips/tetex/pdftex35.map): fontmap entry for `rpbkdi' already exists, duplicates ignored


pdfTeX warning: pdflatex (file /usr/share/texlive/texmf-dist/fonts/map/dvips/tetex/pdftex35.map): fontmap entry for `rpbkl' already exists, duplicates ignored


pdfTeX warning: pdflatex (file /usr/share/texlive/texmf-dist/fonts/map/dvips/tetex/pdftex35.map): fontmap entry for `rpbkli' already exists, duplicates ignored


pdfTeX warning: pdflatex (file /usr/share/texlive/texmf-dist/fonts/map/dvips/tetex/pdftex35.map): fontmap entry for `rpcrb' already exists, duplicates ignored


pdfTeX warning: pdflatex (file /usr/share/texlive/texmf-dist/fonts/map/dvips/tetex/pdftex35.map): fontmap entry for `rpcrbo' already exists, duplicates ignored


pdfTeX warning: pdflatex (file /usr/share/texlive/texmf-dist/fonts/map/dvips/tetex/pdftex35.map): fontmap entry for `rpcrr' already exists, duplicates ignored


pdfTeX warning: pdflatex (file /usr/share/texlive/texmf-dist/fonts/map/dvips/tetex/pdftex35.map): fontmap entry for `rpcrro' already exists, duplicates ignored


pdfTeX warning: pdflatex (file /usr/share/texlive/texmf-dist/fonts/map/dvips/tetex/pdftex35.map): fontmap entry for `rphvb' already exists, duplicates ignored


pdfTeX warning: pdflatex (file /usr/share/texlive/texmf-dist/fonts/map/dvips/tetex/pdftex35.map): fontmap entry for `rphvbo' already exists, duplicates ignored


pdfTeX warning: pdflatex (file /usr/share/texlive/texmf-dist/fonts/map/dvips/tetex/pdftex35.map): fontmap entry for `rphvbon' already exists, duplicates ignored


pdfTeX warning: pdflatex (file /usr/share/texlive/texmf-dist/fonts/map/dvips/tetex/pdftex35.map): fontmap entry for `rphvbrn' already exists, duplicates ignored


pdfTeX warning: pdflatex (file /usr/share/texlive/texmf-dist/fonts/map/dvips/tetex/pdftex35.map): fontmap entry for `rphvr' already exists, duplicates ignored


pdfTeX warning: pdflatex (file /usr/share/texlive/texmf-dist/fonts/map/dvips/tetex/pdftex35.map): fontmap entry for `rphvro' already exists, duplicates ignored


pdfTeX warning: pdflatex (file /usr/share/texlive/texmf-dist/fonts/map/dvips/tetex/pdftex35.map): fontmap entry for `rphvron' already exists, duplicates ignored


pdfTeX warning: pdflatex (file /usr/share/texlive/texmf-dist/fonts/map/dvips/tetex/pdftex35.map): fontmap entry for `rphvrrn' already exists, duplicates ignored


pdfTeX warning: pdflatex (file /usr/share/texlive/texmf-dist/fonts/map/dvips/tetex/pdftex35.map): fontmap entry for `rpncb' already exists, duplicates ignored


pdfTeX warning: pdflatex (file /usr/share/texlive/texmf-dist/fonts/map/dvips/tetex/pdftex35.map): fontmap entry for `rpncbi' already exists, duplicates ignored


pdfTeX warning: pdflatex (file /usr/share/texlive/texmf-dist/fonts/map/dvips/tetex/pdftex35.map): fontmap entry for `rpncr' already exists, duplicates ignored


pdfTeX warning: pdflatex (file /usr/share/texlive/texmf-dist/fonts/map/dvips/tetex/pdftex35.map): fontmap entry for `rpncri' already exists, duplicates ignored


pdfTeX warning: pdflatex (file /usr/share/texlive/texmf-dist/fonts/map/dvips/tetex/pdftex35.map): fontmap entry for `rpplb' already exists, duplicates ignored


pdfTeX warning: pdflatex (file /usr/share/texlive/texmf-dist/fonts/map/dvips/tetex/pdftex35.map): fontmap entry for `rpplbi' already exists, duplicates ignored


pdfTeX warning: pdflatex (file /usr/share/texlive/texmf-dist/fonts/map/dvips/tetex/pdftex35.map): fontmap entry for `rpplbu' already exists, duplicates ignored


pdfTeX warning: pdflatex (file /usr/share/texlive/texmf-dist/fonts/map/dvips/tetex/pdftex35.map): fontmap entry for `rpplr' already exists, duplicates ignored


pdfTeX warning: pdflatex (file /usr/share/texlive/texmf-dist/fonts/map/dvips/tetex/pdftex35.map): fontmap entry for `rpplri' already exists, duplicates ignored


pdfTeX warning: pdflatex (file /usr/share/texlive/texmf-dist/fonts/map/dvips/tetex/pdftex35.map): fontmap entry for `rpplro' already exists, duplicates ignored


pdfTeX warning: pdflatex (file /usr/share/texlive/texmf-dist/fonts/map/dvips/tetex/pdftex35.map): fontmap entry for `rpplrre' already exists, duplicates ignored


pdfTeX warning: pdflatex (file /usr/share/texlive/texmf-dist/fonts/map/dvips/tetex/pdftex35.map): fontmap entry for `rpplrrn' already exists, duplicates ignored


pdfTeX warning: pdflatex (file /usr/share/texlive/texmf-dist/fonts/map/dvips/tetex/pdftex35.map): fontmap entry for `rpplru' already exists, duplicates ignored


pdfTeX warning: pdflatex (file /usr/share/texlive/texmf-dist/fonts/map/dvips/tetex/pdftex35.map): fontmap entry for `rpsyr' already exists, duplicates ignored


pdfTeX warning: pdflatex (file /usr/share/texlive/texmf-dist/fonts/map/dvips/tetex/pdftex35.map): fontmap entry for `rpsyro' already exists, duplicates ignored


pdfTeX warning: pdflatex (file /usr/share/texlive/texmf-dist/fonts/map/dvips/tetex/pdftex35.map): fontmap entry for `rptmb' already exists, duplicates ignored


pdfTeX warning: pdflatex (file /usr/share/texlive/texmf-dist/fonts/map/dvips/tetex/pdftex35.map): fontmap entry for `rptmbi' already exists, duplicates ignored


pdfTeX warning: pdflatex (file /usr/share/texlive/texmf-dist/fonts/map/dvips/tetex/pdftex35.map): fontmap entry for `rptmbo' already exists, duplicates ignored


pdfTeX warning: pdflatex (file /usr/share/texlive/texmf-dist/fonts/map/dvips/tetex/pdftex35.map): fontmap entry for `rptmr' already exists, duplicates ignored


pdfTeX warning: pdflatex (file /usr/share/texlive/texmf-dist/fonts/map/dvips/tetex/pdftex35.map): fontmap entry for `rptmri' already exists, duplicates ignored


pdfTeX warning: pdflatex (file /usr/share/texlive/texmf-dist/fonts/map/dvips/tetex/pdftex35.map): fontmap entry for `rptmro' already exists, duplicates ignored


pdfTeX warning: pdflatex (file /usr/share/texlive/texmf-dist/fonts/map/dvips/tetex/pdftex35.map): fontmap entry for `rptmrre' already exists, duplicates ignored


pdfTeX warning: pdflatex (file /usr/share/texlive/texmf-dist/fonts/map/dvips/tetex/pdftex35.map): fontmap entry for `rptmrrn' already exists, duplicates ignored


pdfTeX warning: pdflatex (file /usr/share/texlive/texmf-dist/fonts/map/dvips/tetex/pdftex35.map): fontmap entry for `rpxpplb' already exists, duplicates ignored


pdfTeX warning: pdflatex (file /usr/share/texlive/texmf-dist/fonts/map/dvips/tetex/pdftex35.map): fontmap entry for `rpxpplbi' already exists, duplicates ignored


pdfTeX warning: pdflatex (file /usr/share/texlive/texmf-dist/fonts/map/dvips/tetex/pdftex35.map): fontmap entry for `rpxpplbo' already exists, duplicates ignored


pdfTeX warning: pdflatex (file /usr/share/texlive/texmf-dist/fonts/map/dvips/tetex/pdftex35.map): fontmap entry for `rpxpplr' already exists, duplicates ignored


pdfTeX warning: pdflatex (file /usr/share/texlive/texmf-dist/fonts/map/dvips/tetex/pdftex35.map): fontmap entry for `rpxpplri' already exists, duplicates ignored


pdfTeX warning: pdflatex (file /usr/share/texlive/texmf-dist/fonts/map/dvips/tetex/pdftex35.map): fontmap entry for `rpxpplro' already exists, duplicates ignored


pdfTeX warning: pdflatex (file /usr/share/texlive/texmf-dist/fonts/map/dvips/tetex/pdftex35.map): fontmap entry for `rpzcmi' already exists, duplicates ignored


pdfTeX warning: pdflatex (file /usr/share/texlive/texmf-dist/fonts/map/dvips/tetex/pdftex35.map): fontmap entry for `rpzdr' already exists, duplicates ignored


pdfTeX warning: pdflatex (file /usr/share/texlive/texmf-dist/fonts/map/dvips/tetex/pdftex35.map): fontmap entry for `rtxphvb' already exists, duplicates ignored


pdfTeX warning: pdflatex (file /usr/share/texlive/texmf-dist/fonts/map/dvips/tetex/pdftex35.map): fontmap entry for `rtxphvbo' already exists, duplicates ignored


pdfTeX warning: pdflatex (file /usr/share/texlive/texmf-dist/fonts/map/dvips/tetex/pdftex35.map): fontmap entry for `rtxphvr' already exists, duplicates ignored


pdfTeX warning: pdflatex (file /usr/share/texlive/texmf-dist/fonts/map/dvips/tetex/pdftex35.map): fontmap entry for `rtxphvro' already exists, duplicates ignored


pdfTeX warning: pdflatex (file /usr/share/texlive/texmf-dist/fonts/map/dvips/tetex/pdftex35.map): fontmap entry for `rtxptmb' already exists, duplicates ignored


pdfTeX warning: pdflatex (file /usr/share/texlive/texmf-dist/fonts/map/dvips/tetex/pdftex35.map): fontmap entry for `rtxptmbi' already exists, duplicates ignored


pdfTeX warning: pdflatex (file /usr/share/texlive/texmf-dist/fonts/map/dvips/tetex/pdftex35.map): fontmap entry for `rtxptmbo' already exists, duplicates ignored


pdfTeX warning: pdflatex (file /usr/share/texlive/texmf-dist/fonts/map/dvips/tetex/pdftex35.map): fontmap entry for `rtxptmr' already exists, duplicates ignored


pdfTeX warning: pdflatex (file /usr/share/texlive/texmf-dist/fonts/map/dvips/tetex/pdftex35.map): fontmap entry for `rtxptmri' already exists, duplicates ignored


pdfTeX warning: pdflatex (file /usr/share/texlive/texmf-dist/fonts/map/dvips/tetex/pdftex35.map): fontmap entry for `rtxptmro' already exists, duplicates ignored


pdfTeX warning: pdflatex (file /usr/share/texlive/texmf-dist/fonts/map/dvips/tetex/pdftex35.map): fontmap entry for `tmbi108r' already exists, duplicates ignored


pdfTeX warning: pdflatex (file /usr/share/texlive/texmf-dist/fonts/map/dvips/tetex/pdftex35.map): fontmap entry for `tmbo108r' already exists, duplicates ignored


pdfTeX warning: pdflatex (file /usr/share/texlive/texmf-dist/fonts/map/dvips/tetex/pdftex35.map): fontmap entry for `tmbu108r' already exists, duplicates ignored


pdfTeX warning: pdflatex (file /usr/share/texlive/texmf-dist/fonts/map/dvips/tetex/pdftex35.map): fontmap entry for `tmrb108r' already exists, duplicates ignored


pdfTeX warning: pdflatex (file /usr/share/texlive/texmf-dist/fonts/map/dvips/tetex/pdftex35.map): fontmap entry for `tmri108r' already exists, duplicates ignored


pdfTeX warning: pdflatex (file /usr/share/texlive/texmf-dist/fonts/map/dvips/tetex/pdftex35.map): fontmap entry for `tmrm108r' already exists, duplicates ignored


pdfTeX warning: pdflatex (file /usr/share/texlive/texmf-dist/fonts/map/dvips/tetex/pdftex35.map): fontmap entry for `tmro108r' already exists, duplicates ignored


pdfTeX warning: pdflatex (file /usr/share/texlive/texmf-dist/fonts/map/dvips/tetex/pdftex35.map): fontmap entry for `tmui108r' already exists, duplicates ignored
}{/usr/share/texlive/texmf-dist/fonts/map/dvips/helvetic/uhv.map

pdfTeX warning: pdflatex (file /usr/share/texlive/texmf-dist/fonts/map/dvips/helvetic/uhv.map): fontmap entry for `uhvb8r' already exists, duplicates ignored


pdfTeX warning: pdflatex (file /usr/share/texlive/texmf-dist/fonts/map/dvips/helvetic/uhv.map): fontmap entry for `uhvbo8r' already exists, duplicates ignored


pdfTeX warning: pdflatex (file /usr/share/texlive/texmf-dist/fonts/map/dvips/helvetic/uhv.map): fontmap entry for `uhvr8r' already exists, duplicates ignored


pdfTeX warning: pdflatex (file /usr/share/texlive/texmf-dist/fonts/map/dvips/helvetic/uhv.map): fontmap entry for `uhvro8r' already exists, duplicates ignored
}
Package hyperref Info: Option `colorlinks' set `true' on input line 106.
Package hyperref Info: Option `bookmarksnumbered' set `true' on input line 106.
) (./metadata.tex)
\@quotelevel=\count432
\@quotereset=\count433
LaTeX Font Info:    Trying to load font information for T1+phv on input line 4.
 (/usr/share/texlive/texmf-dist/tex/latex/psnfss/t1phv.fd
File: t1phv.fd 2020/03/25 scalable font definitions for T1/phv.
)
LaTeX Font Info:    Font shape `T1/phv/m/n' will be
(Font)              scaled to size 12.0pt on input line 4.
 (./main.aux)
\openout1 = `main.aux'.

LaTeX Font Info:    Checking defaults for OML/cmm/m/it on input line 4.
LaTeX Font Info:    ... okay on input line 4.
LaTeX Font Info:    Checking defaults for OMS/cmsy/m/n on input line 4.
LaTeX Font Info:    ... okay on input line 4.
LaTeX Font Info:    Checking defaults for OT1/cmr/m/n on input line 4.
LaTeX Font Info:    ... okay on input line 4.
LaTeX Font Info:    Checking defaults for T1/cmr/m/n on input line 4.
LaTeX Font Info:    ... okay on input line 4.
LaTeX Font Info:    Checking defaults for TS1/cmr/m/n on input line 4.
LaTeX Font Info:    ... okay on input line 4.
LaTeX Font Info:    Checking defaults for OMX/cmex/m/n on input line 4.
LaTeX Font Info:    ... okay on input line 4.
LaTeX Font Info:    Checking defaults for U/cmr/m/n on input line 4.
LaTeX Font Info:    ... okay on input line 4.
LaTeX Font Info:    Checking defaults for PD1/pdf/m/n on input line 4.
LaTeX Font Info:    ... okay on input line 4.
LaTeX Font Info:    Checking defaults for PU/pdf/m/n on input line 4.
LaTeX Font Info:    ... okay on input line 4.

*geometry* driver: auto-detecting
*geometry* detected driver: pdftex
*geometry* verbose mode - [ preamble ] result:
* driver: pdftex
* paper: letterpaper
* layout: <same size as paper>
* layoutoffset:(h,v)=(0.0pt,0.0pt)
* modes: 
* h-part:(L,W,R)=(72.26999pt, 469.75502pt, 72.26999pt)
* v-part:(T,H,B)=(72.26999pt, 650.43001pt, 72.26999pt)
* \paperwidth=614.295pt
* \paperheight=794.96999pt
* \textwidth=469.75502pt
* \textheight=650.43001pt
* \oddsidemargin=0.0pt
* \evensidemargin=0.0pt
* \topmargin=-34.0pt
* \headheight=16.0pt
* \headsep=18.0pt
* \topskip=12.0pt
* \footskip=28.0pt
* \marginparwidth=44.0pt
* \marginparsep=10.0pt
* \columnsep=10.0pt
* \skip\footins=10.8pt plus 4.0pt minus 2.0pt
* \hoffset=0.0pt
* \voffset=0.0pt
* \mag=1000
* \@twocolumnfalse
* \@twosidefalse
* \@mparswitchfalse
* \@reversemarginfalse
* (1in=72.27pt=25.4mm, 1cm=28.453pt)

(/usr/share/texlive/texmf-dist/tex/context/base/mkii/supp-pdf.mkii
[Loading MPS to PDF converter (version 2006.09.02).]
\scratchcounter=\count434
\scratchdimen=\dimen196
\scratchbox=\box62
\nofMPsegments=\count435
\nofMParguments=\count436
\everyMPshowfont=\toks32
\MPscratchCnt=\count437
\MPscratchDim=\dimen197
\MPnumerator=\count438
\makeMPintoPDFobject=\count439
\everyMPtoPDFconversion=\toks33
) (/usr/share/texlive/texmf-dist/tex/latex/epstopdf-pkg/epstopdf-base.sty
Package: epstopdf-base 2020-01-24 v2.11 Base part for package epstopdf
Package epstopdf-base Info: Redefining graphics rule for `.eps' on input line 485.
 (/usr/share/texlive/texmf-dist/tex/latex/latexconfig/epstopdf-sys.cfg
File: epstopdf-sys.cfg 2010/07/13 v1.3 Configuration of (r)epstopdf for TeX Live
))
Package lastpage Info: Please have a look at the pageslts package at
(lastpage)             https://www.ctan.org/pkg/pageslts
(lastpage)             ! on input line 4.
Package caption Info: Begin \AtBeginDocument code.
Package caption Info: hyperref package is loaded.
Package caption Info: End \AtBeginDocument code.
Package biblatex Info: Trying to load language 'english'...
Package biblatex Info: ... file 'english.lbx' found.
 (/usr/share/texlive/texmf-dist/tex/latex/biblatex/lbx/english.lbx
File: english.lbx 2022/02/02 v3.17 biblatex localization (PK/MW)
)
Package biblatex Info: Input encoding 'utf8' detected.
Package biblatex Info: Automatic encoding selection.
(biblatex)             Assuming data encoding 'utf8'.
\openout3 = `main.bcf'.

Package biblatex Info: Trying to load bibliographic data...
Package biblatex Info: ... file 'main.bbl' found.
 (./main.bbl)
Package biblatex Info: Reference section=0 on input line 4.
Package biblatex Info: Reference segment=0 on input line 4.
Package hyperref Info: Link coloring ON on input line 4.
 (/usr/share/texlive/texmf-dist/tex/latex/hyperref/nameref.sty
Package: nameref 2021-04-02 v2.47 Cross-referencing by name of section
 (/usr/share/texlive/texmf-dist/tex/latex/refcount/refcount.sty
Package: refcount 2019/12/15 v3.6 Data extraction from label references (HO)
) (/usr/share/texlive/texmf-dist/tex/generic/gettitlestring/gettitlestring.sty
Package: gettitlestring 2019/12/15 v1.6 Cleanup title references (HO)
)
\c@section@level=\count440
)
LaTeX Info: Redefining \ref on input line 4.
LaTeX Info: Redefining \pageref on input line 4.
LaTeX Info: Redefining \nameref on input line 4.
 (./main.out) (./main.out)
\@outlinefile=\write4
\openout4 = `main.out'.

 (./sections/00-template-guide.tex
*geometry* verbose mode - [ newgeometry ] result:
* driver: pdftex
* paper: letterpaper
* layout: <same size as paper>
* layoutoffset:(h,v)=(0.0pt,0.0pt)
* modes: 
* h-part:(L,W,R)=(50.58878pt, 513.11745pt, 50.58878pt)
* v-part:(T,H,B)=(39.74872pt, 715.47255pt, 39.74872pt)
* \paperwidth=614.295pt
* \paperheight=794.96999pt
* \textwidth=513.11745pt
* \textheight=715.47255pt
* \oddsidemargin=-21.68121pt
* \evensidemargin=-21.68121pt
* \topmargin=-66.52127pt
* \headheight=16.0pt
* \headsep=18.0pt
* \topskip=12.0pt
* \footskip=28.0pt
* \marginparwidth=44.0pt
* \marginparsep=10.0pt
* \columnsep=10.0pt
* \skip\footins=10.8pt plus 4.0pt minus 2.0pt
* \hoffset=0.0pt
* \voffset=0.0pt
* \mag=1000
* \@twocolumnfalse
* \@twosidefalse
* \@mparswitchfalse
* \@reversemarginfalse
* (1in=72.27pt=25.4mm, 1cm=28.453pt)

LaTeX Font Info:    Font shape `T1/phv/m/n' will be
(Font)              scaled to size 10.0pt on input line 7.
LaTeX Font Info:    Font shape `T1/phv/m/n' will be
(Font)              scaled to size 20.74pt on input line 14.
LaTeX Font Info:    Font shape `T1/phv/b/n' will be
(Font)              scaled to size 20.74pt on input line 14.
LaTeX Font Info:    Font shape `T1/phv/b/n' will be
(Font)              scaled to size 10.0pt on input line 24.
LaTeX Font Info:    Trying to load font information for T1+cmtt on input line 24.
 (/usr/share/texlive/texmf-dist/tex/latex/base/t1cmtt.fd
File: t1cmtt.fd 2019/12/16 v2.5j Standard LaTeX font definitions
)
Underfull \hbox (badness 10000) in paragraph at lines 24--24
[]\T1/phv/b/n/10 Template-only page. \T1/phv/m/n/10 For the sub-mis-sion PDF, change \T1/cmtt/m/n/10 \showguidancetrue \T1/phv/m/n/10 to \T1/cmtt/m/n/10 \showguidancefalse \T1/phv/m/n/10 in
 []

LaTeX Font Info:    Trying to load font information for U+msa on input line 24.
(/usr/share/texlive/texmf-dist/tex/latex/amsfonts/umsa.fd
File: umsa.fd 2013/01/14 v3.01 AMS symbols A
)
LaTeX Font Info:    Trying to load font information for U+msb on input line 24.
 (/usr/share/texlive/texmf-dist/tex/latex/amsfonts/umsb.fd
File: umsb.fd 2013/01/14 v3.01 AMS symbols B
)
LaTeX Font Info:    Font shape `T1/phv/b/n' will be
(Font)              scaled to size 12.0pt on input line 31.
LaTeX Font Info:    Trying to load font information for TS1+phv on input line 33.
 (/usr/share/texlive/texmf-dist/tex/latex/psnfss/ts1phv.fd
File: ts1phv.fd 2020/03/25 scalable font definitions for TS1/phv.
)
LaTeX Font Info:    Font shape `TS1/phv/m/n' will be
(Font)              scaled to size 10.0pt on input line 33.

Underfull \hbox (badness 10000) in paragraph at lines 33--34
[]\T1/phv/b/n/10 Alignment: \T1/phv/m/n/10 de-fines the prob-lem, scope, de-liv-er-ables,
 []


Underfull \hbox (badness 10000) in paragraph at lines 33--34
\T1/phv/m/n/10 and suc-cess cri-te-ria for the group, stake-hold-ers
 []


Underfull \hbox (badness 10000) in paragraph at lines 34--35
[]\T1/phv/b/n/10 Feasibility: \T1/phv/m/n/10 shows that the ap-proach, sched-ule,
 []


Underfull \hbox (badness 10000) in paragraph at lines 34--35
\T1/phv/m/n/10 re-sources, bud-get, and risk con-trols sup-port com-ple-
 []


Underfull \hbox (badness 10000) in paragraph at lines 35--36
[]\T1/phv/b/n/10 Traceability: \T1/phv/m/n/10 con-nects re-quire-ments, spec-i-fi-ca-tions,
 []


Underfull \hbox (badness 10000) in paragraph at lines 35--36
\T1/phv/m/n/10 and stake-holder ob-jec-tives to the de-sign, ver-i-fi-ca-tion
 []


Underfull \hbox (badness 10000) in paragraph at lines 40--40
[]\T1/phv/b/n/10 Page setup: \T1/phv/m/n/10 let-ter pa-per, 1-inch mar-gins, 12-point
 []


Underfull \hbox (badness 10000) in paragraph at lines 40--40
\T1/phv/m/n/10 sans-serif body text, and 1.5 line spac-ing. Ta-bles use 12
 []


Underfull \hbox (badness 10000) in paragraph at lines 41--41
[]\T1/phv/b/n/10 Length: \T1/phv/m/n/10 Sec-tions 1--6 have an eight-page max-i-mum.
 []


Underfull \hbox (badness 10000) in paragraph at lines 41--41
\T1/phv/m/n/10 The ti-tle page, ex-ec-u-tive sum-mary, con-tents, ref-er-
 []


Underfull \hbox (badness 10000) in paragraph at lines 42--42
[]\T1/phv/b/n/10 Figures and ta-bles: \T1/phv/m/n/10 num-ber, cap-tion, cite, and dis-cuss
 []


Underfull \hbox (badness 10000) in paragraph at lines 42--42
\T1/phv/m/n/10 each fig-ure and ta-ble. Use ap-pro-pri-ate units and sig-nif-i-
 []


Underfull \hbox (badness 10000) in paragraph at lines 42--42
\T1/phv/m/n/10 cant dig-its. Choose rel-e-vant di-a-grams ap-pro-pri-ately and
 []


Underfull \hbox (badness 10000) in paragraph at lines 42--42
\T1/phv/m/n/10 en-sure they con-vey your mes-sage with enough de-tail,
 []


Underfull \hbox (badness 10000) in paragraph at lines 43--44
[]\T1/phv/b/n/10 Final check: \T1/phv/m/n/10 re-move guid-ance; re-place brack-eted
 []


Underfull \hbox (badness 10000) in paragraph at lines 43--44
\T1/phv/m/n/10 fields, place-hold-ers, and the sam-ple logo; up-date ci-ta-
 []


Underfull \hbox (badness 10000) in paragraph at lines 43--44
\T1/phv/m/n/10 tions; con-firm the page count; spell-check; and sub-mit
 []

LaTeX Font Info:    Font shape `T1/phv/m/it' in size <10> not available
(Font)              Font shape `T1/phv/m/sl' tried instead on input line 51.
LaTeX Font Info:    Font shape `T1/phv/m/sl' will be
(Font)              scaled to size 10.0pt on input line 51.
Package acronym Info: Label `acro:INCOSE' newly defined as it shall be overridden
although it is yet undefined on input line 51.
Package acronym Info: Label `acro:SE' newly defined as it shall be overridden
although it is yet undefined on input line 53.
LaTeX Font Info:    Font shape `T1/phv/m/n' will be
(Font)              scaled to size 10.95pt on input line 56.
LaTeX Font Info:    Font shape `T1/phv/b/n' will be
(Font)              scaled to size 10.95pt on input line 58.
LaTeX Font Info:    Font shape `T1/phv/m/it' in size <10.95> not available
(Font)              Font shape `T1/phv/m/sl' tried instead on input line 59.
LaTeX Font Info:    Font shape `T1/phv/m/sl' will be
(Font)              scaled to size 10.95pt on input line 59.
Package acronym Info: Label `acro:MBSE' newly defined as it shall be overridden
although it is yet undefined on input line 88.
<figures/sample_logo.png, id=96, 1258.7025pt x 1258.7025pt>
File: figures/sample_logo.png Graphic file (type png)
<use figures/sample_logo.png>
Package pdftex.def Info: figures/sample_logo.png  used on input line 92.
(pdftex.def)             Requested size: 39.73769pt x 39.73769pt.

Underfull \hbox (badness 10000) in paragraph at lines 95--98
[]\T1/phv/b/n/10 Logo ex-am-ple: \T1/cmtt/m/n/10 figures/sample_logo.png \T1/phv/m/n/10 is a generic sam-ple. Set \T1/cmtt/m/n/10 \ProjectLogo \T1/phv/m/n/10 in \T1/cmtt/m/n/10 metadata.tex
 []

[1


 <./figures/sample_logo.png>] [2

]) (./sections/01-title-and-context.tex
LaTeX Font Info:    Font shape `T1/phv/m/n' will be
(Font)              scaled to size 14.4pt on input line 3.
LaTeX Font Info:    Font shape `T1/phv/b/n' will be
(Font)              scaled to size 14.4pt on input line 3.
File: figures/sample_logo.png Graphic file (type png)
<use figures/sample_logo.png>
Package pdftex.def Info: figures/sample_logo.png  used on input line 8.
(pdftex.def)             Requested size: 57.81075pt x 57.81075pt.
LaTeX Font Info:    Font shape `T1/phv/m/n' will be
(Font)              scaled to size 17.28pt on input line 9.
LaTeX Font Info:    Font shape `T1/phv/b/n' will be
(Font)              scaled to size 17.28pt on input line 9.
LaTeX Font Info:    Font shape `T1/phv/m/it' in size <12> not available
(Font)              Font shape `T1/phv/m/sl' tried instead on input line 38.
LaTeX Font Info:    Font shape `T1/phv/m/sl' will be
(Font)              scaled to size 12.0pt on input line 38.
 [1

]) (./sections/02-executive-summary.tex [1

]) (./sections/03-table-of-contents.tex (./main.toc)
\tf@toc=\write5
\openout5 = `main.toc'.

 [2

] (./main.lof)
\tf@lof=\write6
\openout6 = `main.lof'.

 [3

] (./main.lot)
\tf@lot=\write7
\openout7 = `main.lot'.

 [4

]) (./sections/03a-acronyms.tex [5


]) (./sections/04-introduction.tex
LaTeX Font Info:    Font shape `T1/phv/m/n' will be
(Font)              scaled to size 8.0pt on input line 8.
LaTeX Font Info:    Font shape `T1/phv/m/n' will be
(Font)              scaled to size 7.0pt on input line 8.
pdfTeX warning (ext4): destination with the same identifier (name{page.1}) has been already used, duplicate ignored
<to be read again> 
                   \relax 
l.15 \clearpage
                [1

]) (./sections/05-functional-description.texpdfTeX warning (ext4): destination with the same identifier (name{page.2}) has been already used, duplicate ignored
<to be read again> 
                   \relax 
l.39 \clearpage
                [2

]) (./sections/06-design-and-production.tex
LaTeX Font Info:    Font shape `T1/phv/b/it' in size <12> not available
(Font)              Font shape `T1/phv/b/sl' tried instead on input line 6.
LaTeX Font Info:    Font shape `T1/phv/b/sl' will be
(Font)              scaled to size 12.0pt on input line 6.
 [3

]) (./sections/07-testing-and-evaluation.tex [4

]) (./sections/08-resource-requirements.tex [5

]) (./sections/09-conclusion.tex [6

]) (./sections/10-references.tex
LaTeX Font Info:    Font shape `T1/phv/m/sc' will be
(Font)              scaled to size 12.0pt on input line 5.
 [7

]) (./sections/11-appendices.tex) 
AED: lastpage setting LastPage
[8

] (./main.aux)
Package rerunfilecheck Info: File `main.out' has not changed.
(rerunfilecheck)             Checksum: C6F250466AAC1A7BC01CC78680069860;4606.
Package logreq Info: Writing requests to 'main.run.xml'.
\openout1 = `main.run.xml'.

 ) 
Here is how much of TeX's memory you used:
 21703 strings out of 478287
 374641 string characters out of 5849289
 1087666 words of memory out of 5000000
 39487 multiletter control sequences out of 15000+600000
 530103 words of font info for 92 fonts, out of 8000000 for 9000
 1141 hyphenation exceptions out of 8191
 65i,11n,71p,1192b,1267s stack positions out of 5000i,500n,10000p,200000b,80000s
{/usr/share/texlive/texmf-dist/fonts/enc/dvips/base/8r.enc}{/usr/share/texmf/fonts/enc/dvips/cm-super/cm-super-t1.enc}</usr/share/texlive/texmf-dist/fonts/type1/public/amsfonts/cm/cmsy10.pfb></usr/share/texmf/fonts/type1/public/cm-super/sftt1000.pfb></usr/share/texlive/texmf-dist/fonts/type1/urw/helvetic/uhvb8a.pfb></usr/share/texlive/texmf-dist/fonts/type1/urw/helvetic/uhvbo8a.pfb></usr/share/texlive/texmf-dist/fonts/type1/urw/helvetic/uhvr8a.pfb></usr/share/texlive/texmf-dist/fonts/type1/urw/helvetic/uhvro8a.pfb>
Output written on main.pdf (16 pages, 512030 bytes).
PDF statistics:
 273 PDF objects out of 1000 (max. 8388607)
 238 compressed objects within 3 object streams
 51 named destinations out of 1000 (max. 500000)
 174 words of extra memory for PDF output out of 10000 (max. 10000000)

